// Jest Snapshot v1, https://goo.gl/fbAQLP

exports[`<Form /> renders the <Form /> with populated data 1`] = `
<div
  class="form__Container-sc-7952rh-0 kjWqOt"
>
  <h1
    class="form__Title-sc-7952rh-3 cudFWu"
  >
    Sign In Now
  </h1>
  <form
    class="form__Base-sc-7952rh-2 hCZaqV"
  >
    <input
      class="form__Input-sc-7952rh-7 eKjyQA"
      placeholder="Email Address"
    />
    <input
      class="form__Input-sc-7952rh-7 eKjyQA"
      placeholder="Password"
      type="password"
    />
    <button
      class="form__Submit-sc-7952rh-8 cdwoKf"
      disabled=""
      type="submit"
    >
      Sign In
    </button>
  </form>
  <p
    class="form__TextSmall-sc-7952rh-5 epwuoT"
  >
    This page is protected by Google reCAPTCHA to ensure you're not a bot.Learn more.
  </p>
</div>
`;

exports[`<Form /> renders the <Form /> with populated data 2`] = `
<div
  class="form__Container-sc-7952rh-0 kjWqOt"
>
  <div
    class="form__Error-sc-7952rh-1 lewbJn"
  >
    Your Email address is already in use
  </div>
  <button
    class="form__Submit-sc-7952rh-8 cdwoKf"
  >
    Sign in
  </button>
</div>
`;
