// Jest Snapshot v1, https://goo.gl/fbAQLP

exports[`<Header /> renders the basic <Header /> without a background 1`] = `
<div
  class="header__Container-sc-djltcn-1 diXiye"
>
  <p
    class="header__Link-sc-djltcn-2 dJvocG"
  >
    Hello I am a link!
  </p>
</div>
`;

exports[`<Header /> renders the full <Header> with a background 1`] = `
<div
  class="header__Background-sc-djltcn-0 fjcXet"
  data-testid="header-bg"
  src="joker1"
>
  <div
    class="header__Container-sc-djltcn-1 diXiye"
  >
    <div
      class="header__Group-sc-djltcn-8 eQndao"
    />
    <div
      class="header__Group-sc-djltcn-8 eQndao"
    >
      <div
        class="header__Search-sc-djltcn-3"
      >
        <button
          class="header__SearchIcon-sc-djltcn-4 eQuVbg"
          data-testid="search-click"
        >
          <img
            alt="Search"
            src="/images/icons/search.png"
          />
        </button>
        <input
          class="header__SearchInput-sc-djltcn-5 cZgtdK"
          data-testid="search-input"
          placeholder="Search films and series"
          value="Joker"
        />
      </div>
      <div
        class="header__Profile-sc-djltcn-10 kyPrku"
      >
        <button
          class="header__Picture-sc-djltcn-7 kHuLow"
          src="/images/users//images/karl.png.png"
        />
        <div
          class="header__Dropdown-sc-djltcn-9 NJcvH"
        >
          <div
            class="header__Group-sc-djltcn-8 eQndao"
          >
            <button
              class="header__Picture-sc-djltcn-7 kHuLow"
              src="/images/users//images/karl.png.png"
            />
            <p
              class="header__Link-sc-djltcn-2 dJvocG"
            >
              Karl Hadwen
            </p>
          </div>
        </div>
      </div>
    </div>
  </div>
  <div
    class="header__Container-sc-djltcn-1 header__Feature-sc-djltcn-11 diXiye fHDjEq"
  >
    <h2
      class="header__FeatureCallOut-sc-djltcn-12 iyQIIc"
    >
      Watch Joker Now
    </h2>
    <p
      class="header__Text-sc-djltcn-13 fPXUBI"
    >
      Forever alone in a crowd...
    </p>
    <button
      class="header__PlayButton-sc-djltcn-15 ksRtMB"
    >
      Play
    </button>
  </div>
</div>
`;
